// Jest Snapshot v1, https://goo.gl/fbAQLP

exports[`Container component renders correctly 1`] = `
<div
  className="MuiContainer-root MuiContainer-maxWidthLg"
>
  Container test text
</div>
`;
