// Jest Snapshot v1, https://goo.gl/fbAQLP

exports[`Divider component rendering variants should match to snapshot - Variant FullWidth Default: Divider variant fullWidth default snapshot 1`] = `
<hr
  className="MuiDivider-root"
/>
`;

exports[`Divider component rendering variants should match to snapshot - Variant Inset: Divider variant inset snapshot 1`] = `
<hr
  className="MuiDivider-root MuiDivider-inset"
/>
`;

exports[`Divider component rendering variants should match to snapshot - Variant Middle: Divider variant middle snapshot 1`] = `
<hr
  className="MuiDivider-root MuiDivider-middle"
/>
`;
