// Jest Snapshot v1, https://goo.gl/fbAQLP

exports[`Skeleton component renders correctly 1`] = `
<span
  className="MuiSkeleton-root MuiSkeleton-text MuiSkeleton-pulse"
  style={
    Object {
      "height": undefined,
      "width": undefined,
    }
  }
/>
`;
