// Jest Snapshot v1, https://goo.gl/fbAQLP

exports[`Icon component should match snapshot - Any valid Icon with huge size: Icon snapshot - valid icon with huge size 1`] = `
<i
  className="natds-icons natds-icons-filled-action-add makeStyles-root-10"
/>
`;

exports[`Icon component should match snapshot - Any valid Icon with hugex size: Icon snapshot - valid icon with hugex size 1`] = `
<i
  className="natds-icons natds-icons-filled-action-add makeStyles-root-11"
/>
`;

exports[`Icon component should match snapshot - Any valid Icon with hugexx size: Icon snapshot - valid icon with hugexx size 1`] = `
<i
  className="natds-icons natds-icons-filled-action-add makeStyles-root-12"
/>
`;

exports[`Icon component should match snapshot - Any valid Icon with large size: Icon snapshot - valid icon with large size 1`] = `
<i
  className="natds-icons natds-icons-filled-action-add makeStyles-root-7"
/>
`;

exports[`Icon component should match snapshot - Any valid Icon with largex size: Icon snapshot - valid icon with largex size 1`] = `
<i
  className="natds-icons natds-icons-filled-action-add makeStyles-root-8"
/>
`;

exports[`Icon component should match snapshot - Any valid Icon with largexx size: Icon snapshot - valid icon with largexx size 1`] = `
<i
  className="natds-icons natds-icons-filled-action-add makeStyles-root-9"
/>
`;

exports[`Icon component should match snapshot - Any valid Icon with medium size: Icon snapshot - valid icon with medium size 1`] = `
<i
  className="natds-icons natds-icons-filled-action-add makeStyles-root-6"
/>
`;

exports[`Icon component should match snapshot - Any valid Icon with micro size: Icon snapshot - valid icon with micro size 1`] = `
<i
  className="natds-icons natds-icons-filled-action-add makeStyles-root-2"
/>
`;

exports[`Icon component should match snapshot - Any valid Icon with small size: Icon snapshot - valid icon with small size 1`] = `
<i
  className="natds-icons natds-icons-filled-action-add makeStyles-root-4"
/>
`;

exports[`Icon component should match snapshot - Any valid Icon with standard size: Icon snapshot - valid icon with standard size 1`] = `
<i
  className="natds-icons natds-icons-filled-action-add makeStyles-root-1"
/>
`;

exports[`Icon component should match snapshot - Any valid Icon with standard size: Icon snapshot - valid icon with standard size 2`] = `
<i
  className="natds-icons natds-icons-filled-action-add makeStyles-root-5"
/>
`;

exports[`Icon component should match snapshot - Any valid Icon with tiny size: Icon snapshot - valid icon with tiny size 1`] = `
<i
  className="natds-icons natds-icons-filled-action-add makeStyles-root-3"
/>
`;

exports[`Icon component should match snapshot - Any valid Icon without theme: Icon snapshot - valid Icon without theme 1`] = `
<i
  className="natds-icons natds-icons-filled-action-add makeStyles-root-13"
/>
`;
