// Jest Snapshot v1, https://goo.gl/fbAQLP

exports[`Avatar deprecated variants should match snapshot 1`] = `
Object {
  "circle": "circle",
  "rounded": "rounded",
  "square": "square",
}
`;
