// Jest Snapshot v1, https://goo.gl/fbAQLP

exports[`Themes It should match the natura light theme snapshot: Natura Light Theme Snapshot 1`] = `
Object {
  "avatarSizes": Object {
    "huge": Object {
      "fontSize": "1.5rem",
      "size": 80,
    },
    "large": Object {
      "fontSize": "1rem",
      "size": 48,
    },
    "small": Object {
      "fontSize": ".875rem",
      "size": 32,
    },
    "standard": Object {
      "fontSize": "1rem",
      "size": 40,
    },
    "tiny": Object {
      "fontSize": ".625rem",
      "size": 24,
    },
  },
  "buttonSizes": Object {
    "large": Object {
      "height": 48,
      "paddingBottom": 0,
      "paddingLeft": 16,
      "paddingRight": 16,
      "paddingTop": 0,
    },
    "medium": Object {
      "height": 40,
      "paddingBottom": 0,
      "paddingLeft": 12,
      "paddingRight": 12,
      "paddingTop": 0,
    },
    "small": Object {
      "height": 32,
      "paddingBottom": 0,
      "paddingLeft": 8,
      "paddingRight": 8,
      "paddingTop": 0,
    },
  },
  "iconSizes": Object {
    "huge": 144,
    "hugex": 192,
    "hugexx": 256,
    "large": 72,
    "largex": 96,
    "largexx": 128,
    "medium": 64,
    "micro": 16,
    "small": 32,
    "standard": 48,
    "tiny": 24,
  },
  "overrides": Object {
    "MuiAvatar": Object {
      "colorDefault": Object {
        "color": "#333333",
      },
    },
    "MuiBadge": Object {
      "badge": Object {
        "padding": "0 4px",
      },
    },
    "MuiButton": Object {
      "contained": Object {
        "&.Mui-disabled": Object {
          "backgroundColor": "#00000014",
          "color": "#0000003D",
        },
      },
      "outlined": Object {
        "&.Mui-disabled": Object {
          "borderColor": "#0000003D",
          "color": "#0000003D",
        },
        "borderColor": "#0000003D",
        "padding": null,
      },
      "outlinedPrimary": Object {
        "color": "#333333",
      },
      "outlinedSecondary": Object {
        "&.Mui-disabled": Object {
          "borderColor": "#0000003D",
        },
        "color": "#333333",
      },
      "root": Object {
        "fontSize": "0.875rem",
        "fontWeight": 500,
        "height": 40,
        "paddingBottom": 0,
        "paddingLeft": 12,
        "paddingRight": 12,
        "paddingTop": 0,
      },
      "sizeLarge": Object {
        "fontSize": "0.875rem",
        "fontWeight": 500,
        "height": 48,
        "paddingBottom": 0,
        "paddingLeft": 16,
        "paddingRight": 16,
        "paddingTop": 0,
      },
      "sizeSmall": Object {
        "fontSize": "0.875rem",
        "fontWeight": 500,
        "height": 32,
        "paddingBottom": 0,
        "paddingLeft": 8,
        "paddingRight": 8,
        "paddingTop": 0,
      },
      "text": Object {
        "&.Mui-disabled": Object {
          "borderColor": "#0000003D",
          "color": "#0000003D",
        },
        "padding": null,
      },
    },
    "MuiButtonGroup": Object {
      "groupedContainedHorizontal": Object {
        "&:not(:last-child)": Object {
          "&.Mui-disabled": Object {
            "borderColor": "#0000003D",
          },
          "borderRightColor": "#0000001F",
        },
      },
      "groupedContainedPrimary": Object {
        "&:not(:last-child)": Object {
          "&.Mui-disabled": Object {
            "borderColor": "#0000003D",
          },
          "borderColor": "#EF8426",
        },
      },
      "groupedContainedSecondary": Object {
        "&:not(:last-child)": Object {
          "&.Mui-disabled": Object {
            "borderColor": "#0000003D",
          },
          "borderColor": "#FF5808",
        },
      },
      "groupedTextHorizontal": Object {
        "&:not(:last-child)": Object {
          "&.Mui-disabled": Object {
            "borderColor": "#0000003D",
          },
          "borderRightColor": "#0000001F",
        },
      },
      "groupedTextPrimary": Object {
        "&:not(:last-child).Mui-disabled": Object {
          "borderColor": "#0000003D",
        },
      },
      "groupedTextSecondary": Object {
        "&:not(:last-child).Mui-disabled": Object {
          "borderColor": "#0000003D",
        },
      },
    },
    "MuiChip": Object {
      "clickableColorPrimary": Object {
        "&:hover": Object {
          "backgroundColor": "#EF8426",
        },
      },
      "clickableColorSecondary": Object {
        "&:hover": Object {
          "backgroundColor": "#EF8426",
        },
      },
      "deleteIcon": Object {
        "&:hover": Object {
          "color": "#000000",
        },
        "color": "rgba(0, 0, 0, 0.8)",
        "fontSize": "24px",
        "height": "24px",
        "width": "24px",
      },
      "deleteIconColorPrimary": Object {
        "&:hover": Object {
          "color": "#FFFFFF",
        },
        "color": "rgba(255, 255, 255, 0.8)",
      },
      "deleteIconColorSecondary": Object {
        "&:hover": Object {
          "color": "#FFFFFF",
        },
        "color": "rgba(255, 255, 255, 0.8)",
      },
      "deleteIconSmall": Object {
        "fontSize": "16px",
        "height": "16px",
        "width": "16px",
      },
      "icon": Object {
        "fontSize": "24px",
      },
      "iconSmall": Object {
        "fontSize": "16px",
        "height": "16px",
        "marginTop": "1px",
        "width": "16px",
      },
      "outlined": Object {
        "borderColor": "rgba(0, 0, 0, 0.12)",
        "color": "#000000",
      },
      "outlinedPrimary": Object {
        "color": "#000000",
      },
      "outlinedSecondary": Object {
        "color": "#000000",
      },
      "root": Object {
        "& $avatar": Object {
          "backgroundColor": "rgba(0, 0, 0, 0.24)",
          "color": "#333333",
        },
        "&$disabled": Object {
          "opacity": 0.4,
        },
        "backgroundColor": "rgba(0, 0, 0, 0.12)",
        "color": "#333333",
        "fontSize": "0.875rem",
      },
    },
    "MuiExpansionPanel": Object {
      "root": Object {
        "&$disabled": Object {
          "backgroundColor": "#FFFFFF",
          "opacity": 0.32,
        },
        "&$expanded": Object {
          "borderColor": "#F4AB34",
        },
        "border": "transparent 1px solid",
      },
    },
    "MuiExpansionPanelSummary": Object {
      "root": Object {
        "&$disabled": Object {
          "opacity": 1,
        },
        "alignItems": "flex-start",
        "marginTop": "8px",
      },
    },
    "MuiFormLabel": Object {
      "formControl": Object {
        "marginTop": "-4px",
        "transform": "none",
      },
      "root": Object {
        "&.Mui-error": Object {
          "color": "#E74627",
        },
        "&.Mui-focused": Object {
          "color": "#777777",
          "fontSize": "0.875rem",
        },
        "fontSize": "0.875rem",
      },
    },
    "MuiIconButton": Object {
      "root": Object {
        "padding": "8px",
      },
      "sizeSmall": Object {
        "padding": "4px",
      },
    },
    "MuiInputBase": Object {
      "input": Object {
        "color": "#333333",
      },
      "root": Object {
        "&.Mui-focused": Object {
          "boxShadow": "#F4AB34 0 0 0 2px",
        },
        "&.MuiInput-underline.Mui-disabled:before": Object {
          "borderBottomStyle": "none",
        },
        "&.MuiInput-underline:after": Object {
          "borderBottom": "none",
        },
        "&.MuiInput-underline:before": Object {
          "borderBottom": "none",
        },
        "&.MuiInput-underline:hover:not(.Mui-disabled):before": Object {
          "borderBottom": "none",
        },
        "&:hover": Object {
          "boxShadow": "#777777 0 0 0 1px",
        },
        "&:hover.Mui-disabled": Object {
          "boxShadow": "#BBBBBB 0 0 0 1px",
        },
        "borderRadius": "4px",
        "boxShadow": "#BBBBBB 0 0 0 1px",
        "color": "#333333",
        "padding": "12px",
      },
    },
    "MuiInputLabel": Object {
      "formControl": Object {
        "marginTop": "-4px",
        "transform": "none",
      },
      "shrink": Object {
        "marginTop": "-4px",
        "transform": "none",
      },
    },
    "MuiListItem": Object {
      "button": Object {
        "&:hover": Object {
          "backgroundColor": "rgba(0, 0, 0, 0.04)",
        },
      },
      "gutters": Object {
        "&:focus": Object {
          "outline": "none",
        },
      },
      "root": Object {
        "&$selected": Object {
          "&:focus": Object {
            "outline": "none",
          },
          "&:hover": Object {
            "backgroundColor": "rgba(0, 0, 0, 0.04)",
          },
          "backgroundColor": "rgba(255, 107, 11, 0.16)",
        },
        "&.Mui-disabled": Object {
          "opacity": 0.32,
        },
        "&:hover": Object {
          "backgroundColor": "rgba(0, 0, 0, 0.04)",
        },
        "cursor": "pointer",
      },
    },
    "MuiSelect": Object {
      "select": Object {
        "&.Mui-disabled": Object {
          "color": "#BBBBBB",
        },
        "&:focus": Object {
          "backgroundColor": "transparent",
        },
      },
    },
    "MuiTab": Object {
      "root": Object {
        "&$disabled": Object {
          "opacity": 0.24,
        },
      },
      "textColorInherit": Object {
        "&$disabled": Object {
          "opacity": 0.24,
        },
      },
      "wrapper": Object {
        "& > *:first-child": Object {
          "marginBottom": "2px !important",
        },
      },
    },
    "MuiTextField": Object {
      "& .MuiInputLabel": Object {
        "marginTop": "20px",
      },
    },
    "MuiToolbar": Object {
      "dense": Object {
        "@media (min-width: 600px)": Object {
          "minHeight": "56px",
        },
        "minHeight": "56px",
      },
      "gutters": Object {
        "@media (min-width: 600px)": Object {
          "padding": "0 16px",
        },
        "padding": "0 16px",
      },
      "regular": Object {
        "@media (min-width: 600px)": Object {
          "minHeight": "56px",
        },
        "minHeight": "56px",
      },
      "root": Object {
        "@media (min-width: 600px)": Object {
          "padding": "0 16px",
        },
        "padding": "0 16px",
      },
    },
  },
  "palette": Object {
    "action": Object {
      "disabled": "rgba(51, 51, 51, 0.24)",
    },
    "background": Object {
      "default": "#FAFAFA",
      "defaultContrastText": "#333333",
      "paper": "#FFFFFF",
      "paperContrastText": "#333333",
    },
    "complementary": Object {
      "highlight": "#000000",
      "link": "#227BBD",
      "linkContrastText": "#FFFFFF",
      "warning": "#FCC433",
      "warningContrastText": "#333333",
    },
    "error": Object {
      "contrastText": "#FFFFFF",
      "main": "#E74627",
    },
    "primary": Object {
      "contrastText": "#333333",
      "dark": "#EF8426",
      "light": "#FEFDE8",
      "main": "#F4AB34",
    },
    "secondary": Object {
      "contrastText": "#000000",
      "dark": "#FF5808",
      "light": "#FFF8E1",
      "main": "#FF6B0B",
    },
    "success": Object {
      "contrastText": "#FFFFFF",
      "main": "#569A32",
    },
    "text": Object {
      "disabled": "#BBBBBB",
      "hint": "#BBBBBB",
      "primary": "#333333",
      "secondary": "#777777",
    },
  },
  "shadows": Array [
    "none",
    "0 1px 1px 0 rgba(0, 0, 0, 0.14)",
    "0 2px 2px 0 rgba(0, 0, 0, 0.14)",
    "0 3px 4px 0 rgba(0, 0, 0, 0.14)",
    "0 4px 5px 0 rgba(0, 0, 0, 0.14)",
    "0px 3px 5px -1px rgba(0,0,0,0.2),0px 5px 8px 0px rgba(0,0,0,0.14),0px 1px 14px 0px rgba(0,0,0,0.12)",
    "0 6px 10px 0 rgba(0, 0, 0, 0.14)",
    "0px 4px 5px -2px rgba(0,0,0,0.2),0px 7px 10px 1px rgba(0,0,0,0.14),0px 2px 16px 1px rgba(0,0,0,0.12)",
    "0 8px 10px 0 rgba(0, 0, 0, 0.14)",
    "0 9px 12px 0 rgba(0, 0, 0, 0.14)",
    "0px 6px 6px -3px rgba(0,0,0,0.2),0px 10px 14px 1px rgba(0,0,0,0.14),0px 4px 18px 3px rgba(0,0,0,0.12)",
    "0px 6px 7px -4px rgba(0,0,0,0.2),0px 11px 15px 1px rgba(0,0,0,0.14),0px 4px 20px 3px rgba(0,0,0,0.12)",
    "0 12px 17px 0 rgba(0, 0, 0, 0.14)",
    "0px 7px 8px -4px rgba(0,0,0,0.2),0px 13px 19px 2px rgba(0,0,0,0.14),0px 5px 24px 4px rgba(0,0,0,0.12)",
    "0px 7px 9px -4px rgba(0,0,0,0.2),0px 14px 21px 2px rgba(0,0,0,0.14),0px 5px 26px 4px rgba(0,0,0,0.12)",
    "0px 8px 9px -5px rgba(0,0,0,0.2),0px 15px 22px 2px rgba(0,0,0,0.14),0px 6px 28px 5px rgba(0,0,0,0.12)",
    "0 16px 24px 0 rgba(0, 0, 0, 0.14)",
    "0px 8px 11px -5px rgba(0,0,0,0.2),0px 17px 26px 2px rgba(0,0,0,0.14),0px 6px 32px 5px rgba(0,0,0,0.12)",
    "0px 9px 11px -5px rgba(0,0,0,0.2),0px 18px 28px 2px rgba(0,0,0,0.14),0px 7px 34px 6px rgba(0,0,0,0.12)",
    "0px 9px 12px -6px rgba(0,0,0,0.2),0px 19px 29px 2px rgba(0,0,0,0.14),0px 7px 36px 6px rgba(0,0,0,0.12)",
    "0px 10px 13px -6px rgba(0,0,0,0.2),0px 20px 31px 3px rgba(0,0,0,0.14),0px 8px 38px 7px rgba(0,0,0,0.12)",
    "0px 10px 13px -6px rgba(0,0,0,0.2),0px 21px 33px 3px rgba(0,0,0,0.14),0px 8px 40px 7px rgba(0,0,0,0.12)",
    "0px 10px 14px -6px rgba(0,0,0,0.2),0px 22px 35px 3px rgba(0,0,0,0.14),0px 8px 42px 7px rgba(0,0,0,0.12)",
    "0px 11px 14px -7px rgba(0,0,0,0.2),0px 23px 36px 3px rgba(0,0,0,0.14),0px 9px 44px 8px rgba(0,0,0,0.12)",
    "0 24px 38px 0 rgba(0, 0, 0, 0.14)",
  ],
  "shape": Object {
    "badgeBorderRadius": 100,
    "borderRadius": 4,
  },
  "sizes": Object {
    "huge": 96,
    "hugex": 128,
    "hugexx": 144,
    "hugexxx": 192,
    "large": 64,
    "largex": 72,
    "largexx": 80,
    "largexxx": 88,
    "medium": 48,
    "mediumx": 56,
    "micro": 4,
    "none": 0,
    "semi": 32,
    "semix": 40,
    "small": 16,
    "standard": 24,
    "tiny": 8,
    "veryhuge": 256,
  },
  "spacing": 8,
  "typography": Object {
    "body1": Object {
      "fontSize": "1rem",
      "fontWeight": 400,
    },
    "body2": Object {
      "fontSize": "0.875rem",
      "fontWeight": 400,
    },
    "button": Object {
      "fontSize": "0.875rem",
      "fontWeight": 600,
    },
    "caption": Object {
      "fontSize": "0.75rem",
      "fontWeight": 400,
    },
    "fontFamily": "\\"Roboto\\", sans-serif",
    "fontFamilyBrand1": "\\"Helvetica Now Display\\"",
    "fontFamilyBrand2": "\\"Helvetica Now Text\\"",
    "fontFamilyBrand3": undefined,
    "fontWeightBold": 700,
    "fontWeightLight": 300,
    "fontWeightMedium": 500,
    "fontWeightRegular": 400,
    "h1": Object {
      "fontSize": "6rem",
      "fontWeight": 300,
    },
    "h2": Object {
      "fontSize": "3.75rem",
      "fontWeight": 300,
    },
    "h3": Object {
      "fontSize": "3rem",
      "fontWeight": 400,
    },
    "h4": Object {
      "fontSize": "2.125rem",
      "fontWeight": 400,
    },
    "h5": Object {
      "fontSize": "1.5rem",
      "fontWeight": 400,
    },
    "h6": Object {
      "fontSize": "1.25rem",
      "fontWeight": 600,
    },
    "overline": Object {
      "fontSize": "0.75rem",
      "fontWeight": 400,
    },
    "subtitle1": Object {
      "fontSize": "1rem",
      "fontWeight": 400,
    },
    "subtitle2": Object {
      "fontSize": "0.875rem",
      "fontWeight": 500,
    },
  },
}
`;
