// Jest Snapshot v1, https://goo.gl/fbAQLP

exports[`RadioGroup component should match snapshot 1`] = `
<div
  className="MuiFormGroup-root"
  role="radiogroup"
/>
`;
