// Jest Snapshot v1, https://goo.gl/fbAQLP

exports[`Chip component Chip changes the text after click 1`] = `
<label>
  <input
    checked={true}
    onChange={[Function]}
    type="checkbox"
  />
  On
</label>
`;
