// Jest Snapshot v1, https://goo.gl/fbAQLP

exports[`Provider component when Natura light theme is provided should match snapshot 1`] = `"Provided content"`;

exports[`Provider component when customized Natura dark theme is provided should match snapshot 1`] = `"Provider content"`;

exports[`Provider component when no theme was provided should match snapshot 1`] = `"Provider content"`;
