// Jest Snapshot v1, https://goo.gl/fbAQLP

exports[`TableBody component should match snapshot 1`] = `
<div
  className="MuiTableContainer-root"
>
  <table
    className="MuiTable-root makeStyles-root-1"
    role={null}
  >
    <tbody
      className="MuiTableBody-root"
      role={null}
    >
      <tr
        className="MuiTableRow-root"
        role={null}
      >
        <td
          aria-sort={null}
          className="MuiTableCell-root MuiTableCell-body"
        >
          Test header cell
        </td>
      </tr>
    </tbody>
  </table>
</div>
`;
