// Jest Snapshot v1, https://goo.gl/fbAQLP

exports[`GridItem component should match to snapshot 1`] = `
<div
  className="MuiGrid-root MuiGrid-item"
/>
`;
