// Jest Snapshot v1, https://goo.gl/fbAQLP

exports[`Snackbar Component Rendering should match to snapshot - Snackbar default: Snackbar default snapshot 1`] = `null`;
