// Jest Snapshot v1, https://goo.gl/fbAQLP

exports[`TableHead component rendering should match to snapshot - TableHead component: TableHead component 1`] = `[Function]`;
